// Jest Snapshot v1, https://goo.gl/fbAQLP

exports[`PImageUpload component should match the snapshot 1`] = `
<div class="image-upload"><input type="file" accept=".png, .jpg, .jpeg" name="image-order" class="image-upload__input">
  <icon-upload class="image-upload__icon"></icon-upload> <span class="image-upload__message">
    Jogue aqui o arquivo de imagem do seu pastel ou clique para localizar a
    pasta.
  </span>
  <!---->
</div>
`;
